python : C:\Users\abh
is\AppData\Local\Pack
ages\PythonSoftwareFo
undation.Python.3.12_
qbz5n2kfra8p0\LocalCa
che\local-packages\Py
thon312\site-packages
\sklearn\model_select
ion\_split.py:811: 
UserWarning: The 
least populated 
class in y has only 
1 members, which is 
less than n_splits=5.
At line:1 char:1
+ python tests/test_m
eta_learner.py 2> 
test_error.log
+ ~~~~~~~~~~~~~~~~~~~
~~~~~~~~~~~~~~~~~~~~~
~~~~~~~~~~~
    + CategoryInfo   
           : NotSpe  
  cified: (C:\User   
 s\abhis\...han n    
_splits=5.:Strin    
g) [], RemoteExc    
eption
    + FullyQualified 
   ErrorId : Native  
  CommandError
 
  warnings.warn(
C:\Users\abhis\AppDat
a\Local\Packages\Pyth
onSoftwareFoundation.
Python.3.12_qbz5n2kfr
a8p0\LocalCache\local
-packages\Python312\s
ite-packages\sklearn\
metrics\_classificati
on.py:1731: Undefined
MetricWarning: 
Precision is 
ill-defined and 
being set to 0.0 in 
labels with no 
predicted samples. 
Use `zero_division` 
parameter to control 
this behavior.
  _warn_prf(average, 
modifier, f"{metric.c
apitalize()} is", 
result.shape[0])
C:\Users\abhis\AppDat
a\Local\Packages\Pyth
onSoftwareFoundation.
Python.3.12_qbz5n2kfr
a8p0\LocalCache\local
-packages\Python312\s
ite-packages\sklearn\
metrics\_classificati
on.py:1731: Undefined
MetricWarning: 
Precision is 
ill-defined and 
being set to 0.0 in 
labels with no 
predicted samples. 
Use `zero_division` 
parameter to control 
this behavior.
  _warn_prf(average, 
modifier, f"{metric.c
apitalize()} is", 
result.shape[0])
C:\Users\abhis\AppDat
a\Local\Packages\Pyth
onSoftwareFoundation.
Python.3.12_qbz5n2kfr
a8p0\LocalCache\local
-packages\Python312\s
ite-packages\sklearn\
metrics\_classificati
on.py:1731: Undefined
MetricWarning: 
Precision is 
ill-defined and 
being set to 0.0 in 
labels with no 
predicted samples. 
Use `zero_division` 
parameter to control 
this behavior.
  _warn_prf(average, 
modifier, f"{metric.c
apitalize()} is", 
result.shape[0])
C:\Users\abhis\AppDat
a\Local\Packages\Pyth
onSoftwareFoundation.
Python.3.12_qbz5n2kfr
a8p0\LocalCache\local
-packages\Python312\s
ite-packages\sklearn\
metrics\_classificati
on.py:1731: Undefined
MetricWarning: 
Precision is 
ill-defined and 
being set to 0.0 in 
labels with no 
predicted samples. 
Use `zero_division` 
parameter to control 
this behavior.
  _warn_prf(average, 
modifier, f"{metric.c
apitalize()} is", 
result.shape[0])
C:\Users\abhis\AppDat
a\Local\Packages\Pyth
onSoftwareFoundation.
Python.3.12_qbz5n2kfr
a8p0\LocalCache\local
-packages\Python312\s
ite-packages\sklearn\
model_selection\_spli
t.py:811: 
UserWarning: The 
least populated 
class in y has only 
1 members, which is 
less than n_splits=3.
  warnings.warn(
C:\Users\abhis\AppDat
a\Local\Packages\Pyth
onSoftwareFoundation.
Python.3.12_qbz5n2kfr
a8p0\LocalCache\local
-packages\Python312\s
ite-packages\sklearn\
metrics\_classificati
on.py:1731: Undefined
MetricWarning: 
Precision is 
ill-defined and 
being set to 0.0 in 
labels with no 
predicted samples. 
Use `zero_division` 
parameter to control 
this behavior.
  _warn_prf(average, 
modifier, f"{metric.c
apitalize()} is", 
result.shape[0])
C:\Users\abhis\AppDat
a\Local\Packages\Pyth
onSoftwareFoundation.
Python.3.12_qbz5n2kfr
a8p0\LocalCache\local
-packages\Python312\s
ite-packages\sklearn\
metrics\_classificati
on.py:1731: Undefined
MetricWarning: 
Precision is 
ill-defined and 
being set to 0.0 in 
labels with no 
predicted samples. 
Use `zero_division` 
parameter to control 
this behavior.
  _warn_prf(average, 
modifier, f"{metric.c
apitalize()} is", 
result.shape[0])
C:\Users\abhis\AppDat
a\Local\Packages\Pyth
onSoftwareFoundation.
Python.3.12_qbz5n2kfr
a8p0\LocalCache\local
-packages\Python312\s
ite-packages\sklearn\
metrics\_classificati
on.py:1731: Undefined
MetricWarning: 
Precision is 
ill-defined and 
being set to 0.0 in 
labels with no 
predicted samples. 
Use `zero_division` 
parameter to control 
this behavior.
  _warn_prf(average, 
modifier, f"{metric.c
apitalize()} is", 
result.shape[0])
C:\Users\abhis\AppDat
a\Local\Packages\Pyth
onSoftwareFoundation.
Python.3.12_qbz5n2kfr
a8p0\LocalCache\local
-packages\Python312\s
ite-packages\sklearn\
model_selection\_spli
t.py:811: 
UserWarning: The 
least populated 
class in y has only 
1 members, which is 
less than n_splits=3.
  warnings.warn(
C:\Users\abhis\AppDat
a\Local\Packages\Pyth
onSoftwareFoundation.
Python.3.12_qbz5n2kfr
a8p0\LocalCache\local
-packages\Python312\s
ite-packages\sklearn\
metrics\_classificati
on.py:1731: Undefined
MetricWarning: 
Precision is 
ill-defined and 
being set to 0.0 in 
labels with no 
predicted samples. 
Use `zero_division` 
parameter to control 
this behavior.
  _warn_prf(average, 
modifier, f"{metric.c
apitalize()} is", 
result.shape[0])
C:\Users\abhis\AppDat
a\Local\Packages\Pyth
onSoftwareFoundation.
Python.3.12_qbz5n2kfr
a8p0\LocalCache\local
-packages\Python312\s
ite-packages\sklearn\
metrics\_classificati
on.py:1731: Undefined
MetricWarning: 
Precision is 
ill-defined and 
being set to 0.0 in 
labels with no 
predicted samples. 
Use `zero_division` 
parameter to control 
this behavior.
  _warn_prf(average, 
modifier, f"{metric.c
apitalize()} is", 
result.shape[0])
C:\Users\abhis\AppDat
a\Local\Packages\Pyth
onSoftwareFoundation.
Python.3.12_qbz5n2kfr
a8p0\LocalCache\local
-packages\Python312\s
ite-packages\sklearn\
metrics\_classificati
on.py:1731: Undefined
MetricWarning: 
Precision is 
ill-defined and 
being set to 0.0 in 
labels with no 
predicted samples. 
Use `zero_division` 
parameter to control 
this behavior.
  _warn_prf(average, 
modifier, f"{metric.c
apitalize()} is", 
result.shape[0])
C:\Users\abhis\AppDat
a\Local\Packages\Pyth
onSoftwareFoundation.
Python.3.12_qbz5n2kfr
a8p0\LocalCache\local
-packages\Python312\s
ite-packages\sklearn\
model_selection\_spli
t.py:811: 
UserWarning: The 
least populated 
class in y has only 
1 members, which is 
less than n_splits=3.
  warnings.warn(
C:\Users\abhis\AppDat
a\Local\Packages\Pyth
onSoftwareFoundation.
Python.3.12_qbz5n2kfr
a8p0\LocalCache\local
-packages\Python312\s
ite-packages\sklearn\
metrics\_classificati
on.py:1731: Undefined
MetricWarning: 
Precision is 
ill-defined and 
being set to 0.0 in 
labels with no 
predicted samples. 
Use `zero_division` 
parameter to control 
this behavior.
  _warn_prf(average, 
modifier, f"{metric.c
apitalize()} is", 
result.shape[0])
C:\Users\abhis\AppDat
a\Local\Packages\Pyth
onSoftwareFoundation.
Python.3.12_qbz5n2kfr
a8p0\LocalCache\local
-packages\Python312\s
ite-packages\sklearn\
metrics\_classificati
on.py:1731: Undefined
MetricWarning: 
Precision is 
ill-defined and 
being set to 0.0 in 
labels with no 
predicted samples. 
Use `zero_division` 
parameter to control 
this behavior.
  _warn_prf(average, 
modifier, f"{metric.c
apitalize()} is", 
result.shape[0])
C:\Users\abhis\AppDat
a\Local\Packages\Pyth
onSoftwareFoundation.
Python.3.12_qbz5n2kfr
a8p0\LocalCache\local
-packages\Python312\s
ite-packages\sklearn\
metrics\_classificati
on.py:1731: Undefined
MetricWarning: 
Precision is 
ill-defined and 
being set to 0.0 in 
labels with no 
predicted samples. 
Use `zero_division` 
parameter to control 
this behavior.
  _warn_prf(average, 
modifier, f"{metric.c
apitalize()} is", 
result.shape[0])
C:\Users\abhis\AppDat
a\Local\Packages\Pyth
onSoftwareFoundation.
Python.3.12_qbz5n2kfr
a8p0\LocalCache\local
-packages\Python312\s
ite-packages\sklearn\
model_selection\_spli
t.py:811: 
UserWarning: The 
least populated 
class in y has only 
1 members, which is 
less than n_splits=3.
  warnings.warn(
Traceback (most 
recent call last):
  File "C:\Users\abhi
s\OneDrive\Desktop\ab
higit\Self-Adaptive-M
odel-Selector\tests\t
est_meta_learner.py",
 line 233, in 
<module>
    test_gradient_boo
sting_meta_learner()
  File "C:\Users\abhi
s\OneDrive\Desktop\ab
higit\Self-Adaptive-M
odel-Selector\tests\t
est_meta_learner.py",
 line 181, in test_gr
adient_boosting_meta_
learner
    metrics = meta_le
arner.train(X_meta, 
y_meta, cv=3)
              ^^^^^^^
^^^^^^^^^^^^^^^^^^^^^
^^^^^^^^^^^^
  File "C:\Users\abhi
s\OneDrive\Desktop\ab
higit\Self-Adaptive-M
odel-Selector\tests\.
.\src\meta_learner.py
", line 195, in train
    cv_results = 
cross_validate(
                 
^^^^^^^^^^^^^^^
  File "C:\Users\abhi
s\AppData\Local\Packa
ges\PythonSoftwareFou
ndation.Python.3.12_q
bz5n2kfra8p0\LocalCac
he\local-packages\Pyt
hon312\site-packages\
sklearn\utils\_param_
validation.py", line 
218, in wrapper
    return 
func(*args, **kwargs)
           
^^^^^^^^^^^^^^^^^^^^^
  File "C:\Users\abhi
s\AppData\Local\Packa
ges\PythonSoftwareFou
ndation.Python.3.12_q
bz5n2kfra8p0\LocalCac
he\local-packages\Pyt
hon312\site-packages\
sklearn\model_selecti
on\_validation.py", 
line 419, in 
cross_validate
    _warn_or_raise_ab
out_fit_failures(resu
lts, error_score)
  File "C:\Users\abhi
s\AppData\Local\Packa
ges\PythonSoftwareFou
ndation.Python.3.12_q
bz5n2kfra8p0\LocalCac
he\local-packages\Pyt
hon312\site-packages\
sklearn\model_selecti
on\_validation.py", 
line 505, in _warn_or
_raise_about_fit_fail
ures
    raise ValueError(
all_fits_failed_messa
ge)
ValueError: 
All the 3 fits 
failed.
It is very likely 
that your model is 
misconfigured.
You can try to debug 
the error by setting 
error_score='raise'.

Below are more 
details about the 
failures:
---------------------
---------------------
---------------------
-----------------
3 fits failed with 
the following error:
Traceback (most 
recent call last):
  File "C:\Users\abhi
s\AppData\Local\Packa
ges\PythonSoftwareFou
ndation.Python.3.12_q
bz5n2kfra8p0\LocalCac
he\local-packages\Pyt
hon312\site-packages\
sklearn\model_selecti
on\_validation.py", 
line 859, in 
_fit_and_score
    estimator.fit(X_t
rain, y_train, 
**fit_params)
  File "C:\Users\abhi
s\AppData\Local\Packa
ges\PythonSoftwareFou
ndation.Python.3.12_q
bz5n2kfra8p0\LocalCac
he\local-packages\Pyt
hon312\site-packages\
sklearn\base.py", 
line 1365, in wrapper
    return fit_method
(estimator, *args, 
**kwargs)
           ^^^^^^^^^^
^^^^^^^^^^^^^^^^^^^^^
^^^^^^^
  File "C:\Users\abhi
s\AppData\Local\Packa
ges\PythonSoftwareFou
ndation.Python.3.12_q
bz5n2kfra8p0\LocalCac
he\local-packages\Pyt
hon312\site-packages\
sklearn\ensemble\_gb.
py", line 658, in fit
    X, y = 
validate_data(
           
^^^^^^^^^^^^^^
  File "C:\Users\abhi
s\AppData\Local\Packa
ges\PythonSoftwareFou
ndation.Python.3.12_q
bz5n2kfra8p0\LocalCac
he\local-packages\Pyt
hon312\site-packages\
sklearn\utils\validat
ion.py", line 2971, 
in validate_data
    X, y = 
check_X_y(X, y, 
**check_params)
           ^^^^^^^^^^
^^^^^^^^^^^^^^^^^^^^^
  File "C:\Users\abhi
s\AppData\Local\Packa
ges\PythonSoftwareFou
ndation.Python.3.12_q
bz5n2kfra8p0\LocalCac
he\local-packages\Pyt
hon312\site-packages\
sklearn\utils\validat
ion.py", line 1368, 
in check_X_y
    X = check_array(
        ^^^^^^^^^^^^
  File "C:\Users\abhi
s\AppData\Local\Packa
ges\PythonSoftwareFou
ndation.Python.3.12_q
bz5n2kfra8p0\LocalCac
he\local-packages\Pyt
hon312\site-packages\
sklearn\utils\validat
ion.py", line 1105, 
in check_array
    
_assert_all_finite(
  File "C:\Users\abhi
s\AppData\Local\Packa
ges\PythonSoftwareFou
ndation.Python.3.12_q
bz5n2kfra8p0\LocalCac
he\local-packages\Pyt
hon312\site-packages\
sklearn\utils\validat
ion.py", line 120, 
in _assert_all_finite
    _assert_all_finit
e_element_wise(
  File "C:\Users\abhi
s\AppData\Local\Packa
ges\PythonSoftwareFou
ndation.Python.3.12_q
bz5n2kfra8p0\LocalCac
he\local-packages\Pyt
hon312\site-packages\
sklearn\utils\validat
ion.py", line 169, 
in _assert_all_finite
_element_wise
    raise 
ValueError(msg_err)
ValueError: Input X 
contains NaN.
GradientBoostingClass
ifier does not 
accept missing 
values encoded as 
NaN natively. For 
supervised learning, 
you might want to 
consider sklearn.ense
mble.HistGradientBoos
tingClassifier and 
Regressor which 
accept missing 
values encoded as 
NaNs natively. 
Alternatively, it is 
possible to 
preprocess the data, 
for instance by 
using an imputer 
transformer in a 
pipeline or drop 
samples with missing 
values. See https://s
cikit-learn.org/stabl
e/modules/impute.html
 You can find a list 
of all estimators 
that handle NaN 
values at the 
following page: https
://scikit-learn.org/s
table/modules/impute.
html#estimators-that-
handle-nan-values

