python : Traceback 
(most recent call 
last):
At line:1 char:1
+ python tests/test_p
rocessor.py > 
test_output.txt 2>&1
+ ~~~~~~~~~~~~~~~~~~~
~~~~~~~~~~~~~~~~~~~~~
~~~~~~~~~~~~~
    + CategoryInfo   
           : NotSpe  
  cified: (Traceba   
 ck (most recent     
call last)::Stri    
ng) [], RemoteEx    
ception
    + FullyQualified 
   ErrorId : Native  
  CommandError
 
  File "C:\Users\abhi
s\OneDrive\Desktop\ab
higit\Self-Adaptive-M
odel-Selector\tests\t
est_processor.py", 
line 98, in <module>
    test_time_series_
detection()
  File "C:\Users\abhi
s\OneDrive\Desktop\ab
higit\Self-Adaptive-M
odel-Selector\tests\t
est_processor.py", 
line 69, in test_time
_series_detection
    X, y, info = proc
essor.process_and_ana
lyze(df)
                 ^^^^
^^^^^^^^^^^^^^^^^^^^^
^^^^^^^^
  File "C:\Users\abhi
s\OneDrive\Desktop\ab
higit\Self-Adaptive-M
odel-Selector\tests\.
.\src\data_processor.
py", line 197, in 
process_and_analyze
    X[cat_cols] = sel
f.cat_imputer.fit_tra
nsform(X[cat_cols])
                  ^^^
^^^^^^^^^^^^^^^^^^^^^
^^^^^^^^^^^^^^^^^^^
  File "C:\Users\abhi
s\AppData\Local\Packa
ges\PythonSoftwareFou
ndation.Python.3.12_q
bz5n2kfra8p0\LocalCac
he\local-packages\Pyt
hon312\site-packages\
sklearn\utils\_set_ou
tput.py", line 316, 
in wrapped
    data_to_wrap = 
f(self, X, *args, 
**kwargs)
                   ^^
^^^^^^^^^^^^^^^^^^^^^
^^^^
  File "C:\Users\abhi
s\AppData\Local\Packa
ges\PythonSoftwareFou
ndation.Python.3.12_q
bz5n2kfra8p0\LocalCac
he\local-packages\Pyt
hon312\site-packages\
sklearn\base.py", 
line 894, in 
fit_transform
    return 
self.fit(X, **fit_par
ams).transform(X)
           ^^^^^^^^^^
^^^^^^^^^^^^^^^
  File "C:\Users\abhi
s\AppData\Local\Packa
ges\PythonSoftwareFou
ndation.Python.3.12_q
bz5n2kfra8p0\LocalCac
he\local-packages\Pyt
hon312\site-packages\
sklearn\base.py", 
line 1365, in wrapper
    return fit_method
(estimator, *args, 
**kwargs)
           ^^^^^^^^^^
^^^^^^^^^^^^^^^^^^^^^
^^^^^^^
  File "C:\Users\abhi
s\AppData\Local\Packa
ges\PythonSoftwareFou
ndation.Python.3.12_q
bz5n2kfra8p0\LocalCac
he\local-packages\Pyt
hon312\site-packages\
sklearn\impute\_base.
py", line 452, in fit
    X = self._validat
e_input(X, 
in_fit=True)
        ^^^^^^^^^^^^^
^^^^^^^^^^^^^^^^^^^^^
^^
  File "C:\Users\abhi
s\AppData\Local\Packa
ges\PythonSoftwareFou
ndation.Python.3.12_q
bz5n2kfra8p0\LocalCac
he\local-packages\Pyt
hon312\site-packages\
sklearn\impute\_base.
py", line 387, in 
_validate_input
    raise ValueError(
ValueError: 
SimpleImputer does 
not support data 
with dtype 
datetime64[ns]. 
Please provide 
either a numeric 
array (with a 
floating point or 
integer dtype) or 
categorical data 
represented either 
as an array with 
integer dtype or an 
array of string 
values with an 
object dtype.
Binary Class Info: DatasetInfo(problem_type='classification', classification_type='binary', n_samples=100, n_features=2, missing_percentage=np.float64(0.0), is_time_series=False)
Multiclass Info: DatasetInfo(problem_type='classification', classification_type='multiclass', n_samples=100, n_features=1, missing_percentage=np.float64(0.0), is_time_series=False)
Regression Info: DatasetInfo(problem_type='regression', classification_type=None, n_samples=100, n_features=1, missing_percentage=np.float64(0.0), is_time_series=False)
TEST FAILED: SimpleImputer does not support data with dtype datetime64[ns]. Please provide either a numeric array (with a floating point or integer dtype) or categorical data represented either as an array with integer dtype or an array of string values with an object dtype.
